log:
  messages:
    - '[1970-01-01T00:00:00+00:00] Start'
    - '[1970-01-01T00:00:00+00:00] Finished'
fullResult:
  listInfo:
    emailLabel: 'Walter (Schreibsuchti)'
    emailAddress: walterepp@schreibsuchti.de
    listId: 5e78d7ef2297cc80842b7591e.227233.list-id.mcsv.net
  messageInfo:
    timeStamp: 1673950647
  verdict:
    matchLevel:
      name: Likely
      value: likely
    serviceName: mailchimp
    explanation: 'There are matches for well-known tracking patterns, but no provider matches header and body.'
  details:
    dkimResult:
      status:
        name: ValidWithWarnings
        value: valid_with_warnings
      summaryLines:
        - 'Signature 1: Signature has expired. DKIM signature verified successfully!'
    headerItemInfoBag:
      infos:
        -
          headerItem:
            name: message-id
            value: 5e78d7ef2297cc80842b7591e.6496a8003f.20230117101720.2ed1232679.76ae8c9f@mail5.suw111.mcdlv.net
          matches:
            -
              matcherId: mailchimp
              isMatch: true
        -
          headerItem:
            name: x-mailer
            value: 'Mailchimp Mailer - **CID2ed12326796496a8003f**'
          matches:
            -
              matcherId: mailchimp
              isMatch: true
        -
          headerItem:
            name: x-campaign
            value: mailchimp5e78d7ef2297cc80842b7591e.2ed1232679
          matches:
            -
              matcherId: mailchimp
              isMatch: true
        -
          headerItem:
            name: x-campaignid
            value: mailchimp5e78d7ef2297cc80842b7591e.2ed1232679
          matches:
            -
              matcherId: mailchimp
              isMatch: true
        -
          headerItem:
            name: x-report-abuse
            value: 'Please report abuse for this campaign here: https://mailchimp.com/contact/abuse/?u=5e78d7ef2297cc80842b7591e&id=2ed1232679&e=6496a8003f'
          matches:
            -
              matcherId: mailchimp
              isMatch: true
        -
          headerItem:
            name: x-mc-user
            value: 5e78d7ef2297cc80842b7591e
          matches:
            -
              matcherId: mailchimp
              isMatch: true
        -
          headerItem:
            name: feedback-id
            value: '23225407:23225407.1113764:us3:mc'
          matches:
            -
              matcherId: mailchimp
              isMatch: true
        -
          headerItem:
            name: list-id
            value: '5e78d7ef2297cc80842b7591emc list <5e78d7ef2297cc80842b7591e.227233.list-id.mcsv.net>'
          matches:
            -
              matcherId: mailchimp
              isMatch: true
        -
          headerItem:
            name: list-unsubscribe
            value: '<https://schreibsuchti.us3.list-manage.com/unsubscribe?u=5e78d7ef2297cc80842b7591e&id=93b720b585&e=6496a8003f&c=2ed1232679>, <mailto:unsubscribe-mc.us3_5e78d7ef2297cc80842b7591e.2ed1232679-6496a8003f@unsubscribe.mailchimpapp.net?subject=unsubscribe>'
          matches:
            -
              matcherId: mailchimp
              isMatch: true
    urlItemInfoBag:
      urlItemInfos:
        -
          urlItem:
            url: 'https://schreibsuchti.us3.list-manage.com/track/click?u=5e78d7ef2297cc80842b7591e&id=c3569d2df3&e=6496a8003f'
            text: 'Das E-Mail-Money-System'
          redirectInfo: null
          analyticsInfo:
            type:
              name: NeedsResearch
              value: needs_research
            keys:
              - u
              - id
              - e
          matches:
            mailchimp:
              providerId: mailchimp
              name: spy-link
              isUserTracking: true
              noRedirectCheck: false
        -
          urlItem:
            url: 'https://schreibsuchti.us3.list-manage.com/track/click?u=5e78d7ef2297cc80842b7591e&id=f74d35f6b6&e=6496a8003f'
            text: 'Das E-Mail-Money-System'
          redirectInfo: null
          analyticsInfo:
            type:
              name: NeedsResearch
              value: needs_research
            keys:
              - u
              - id
              - e
          matches:
            mailchimp:
              providerId: mailchimp
              name: spy-link
              isUserTracking: true
              noRedirectCheck: false
        -
          urlItem:
            url: 'https://schreibsuchti.us3.list-manage.com/vcard?u=5e78d7ef2297cc80842b7591e&id=93b720b585'
            text: 'Zu Kontakten hinzuf√ºgen'
          redirectInfo:
            redirect: null
          analyticsInfo:
            type:
              name: NeedsResearch
              value: needs_research
            keys:
              - u
              - id
          matches:
            mailchimp:
              providerId: mailchimp
              name: vcard
              isUserTracking: false
              noRedirectCheck: true
        -
          urlItem:
            url: 'https://schreibsuchti.us3.list-manage.com/unsubscribe?u=5e78d7ef2297cc80842b7591e&id=93b720b585&e=6496a8003f&c=2ed1232679'
            text: abmelden
          redirectInfo:
            redirect: null
          analyticsInfo:
            type:
              name: NeedsResearch
              value: needs_research
            keys:
              - u
              - id
              - e
              - c
          matches:
            mailchimp:
              providerId: mailchimp
              name: unsubscribe
              isUserTracking: false
              noRedirectCheck: true
        -
          urlItem:
            url: 'https://schreibsuchti.us3.list-manage.com/track/open.php?u=5e78d7ef2297cc80842b7591e&id=2ed1232679&e=6496a8003f'
          redirectInfo: null
          analyticsInfo: null
          matches:
            mailchimp:
              providerId: mailchimp
              name: referral
              isUserTracking: false
              noRedirectCheck: false
    cnameChainList:
      chaneChainsByDomain:
        5e78d7ef2297cc80842b7591e.6496a8003f.20230117101720.2ed1232679.76ae8c9f@mail5.suw111.mcdlv.net:
          aliasDomains: {  }
          domain: 5e78d7ef2297cc80842b7591e.6496a8003f.20230117101720.2ed1232679.76ae8c9f@mail5.suw111.mcdlv.net
        5e78d7ef2297cc80842b7591e.227233.list-id.mcsv.net:
          aliasDomains: {  }
          domain: 5e78d7ef2297cc80842b7591e.227233.list-id.mcsv.net
        schreibsuchti.us3.list-manage.com:
          aliasDomains:
            - swc.list-manage.com.edgekey.net
            - e13829.x.akamaiedge.net
          domain: schreibsuchti.us3.list-manage.com
